
=== ERRORS ===
  × Could not infer GraphQL field definition for the resolver.

Error:   × The return type must be specified on resolver functions.
   ╭─[./tests/resolver_discovery/errors/resolvers/missingReturnType.ts:3:1]
 3 │     
 4 │ ╭─▶ export default async function friends(_user: User, _args: { first: number }, _context: Context) {
 5 │ │       return []
 6 │ ╰─▶ }
 7 │     
   ╰────

