extend type User { fullName: String }
extend type User { comparisons(otherUser: ID!): [[boolean!]!]! }
extend type User { friends(first: number!): [User!]! }
extend type User { stronger(otherUser: ID!): boolean! }
